../App/lvgl/src/draw/sw/../../misc/../font/../draw/../misc/lv_area.h:134:23:lv_area_get_width	16	static
../App/lvgl/src/draw/sw/../../misc/../font/../draw/../misc/lv_area.h:144:23:lv_area_get_height	16	static
../App/lvgl/src/draw/sw/../../misc/../font/../draw/../misc/lv_color.h:214:23:lv_color_format_get_size	16	static
../App/lvgl/src/draw/sw/../../misc/../font/../draw/../misc/lv_color.h:262:20:lv_color32_eq	16	static
../App/lvgl/src/draw/sw/../../misc/../font/../draw/../misc/lv_color.h:349:46:lv_color_16_16_mix	32	static
../App/lvgl/src/draw/sw/../../misc/../font/../draw/../misc/lv_color_op.h:67:28:lv_color_mix32	24	static
../App/lvgl/src/draw/sw/lv_draw_sw_transform.c:82:6:lv_draw_sw_transform	280	static
../App/lvgl/src/draw/sw/lv_draw_sw_transform.c:244:13:transform_rgb888	96	static
../App/lvgl/src/draw/sw/lv_draw_sw_transform.c:340:13:transform_argb8888	88	static
../App/lvgl/src/draw/sw/lv_draw_sw_transform.c:429:13:transform_rgb565a8	104	static
../App/lvgl/src/draw/sw/lv_draw_sw_transform.c:540:13:transform_a8	72	static
../App/lvgl/src/draw/sw/lv_draw_sw_transform.c:614:13:transform_point_upscaled	24	static
