../App/lvgl/src/draw/sw/lv_draw_sw.c:130:6:lv_draw_sw_init	16	static
../App/lvgl/src/draw/sw/lv_draw_sw.c:155:6:lv_draw_sw_deinit	8	static
../App/lvgl/src/draw/sw/lv_draw_sw.c:166:16:lv_draw_sw_delete	16	static
../App/lvgl/src/draw/sw/lv_draw_sw.c:185:6:lv_draw_sw_rgb565_swap	32	static
../App/lvgl/src/draw/sw/lv_draw_sw.c:219:6:lv_draw_sw_rotate	40	static
../App/lvgl/src/draw/sw/lv_draw_sw.c:243:20:execute_drawing_unit	16	static
../App/lvgl/src/draw/sw/lv_draw_sw.c:254:16:evaluate	24	static
../App/lvgl/src/draw/sw/lv_draw_sw.c:292:16:dispatch	32	static
../App/lvgl/src/draw/sw/lv_draw_sw.c:361:13:execute_drawing	24	static
../App/lvgl/src/draw/sw/lv_draw_sw.c:452:13:rotate90_argb8888	40	static
../App/lvgl/src/draw/sw/lv_draw_sw.c:473:13:rotate180_argb8888	40	static
../App/lvgl/src/draw/sw/lv_draw_sw.c:492:13:rotate270_argb8888	40	static
../App/lvgl/src/draw/sw/lv_draw_sw.c:513:13:rotate90_rgb888	40	static
../App/lvgl/src/draw/sw/lv_draw_sw.c:531:13:rotate180_rgb888	40	static
../App/lvgl/src/draw/sw/lv_draw_sw.c:549:13:rotate270_rgb888	40	static
../App/lvgl/src/draw/sw/lv_draw_sw.c:567:13:rotate90_rgb565	40	static
../App/lvgl/src/draw/sw/lv_draw_sw.c:588:13:rotate180_rgb565	40	static
../App/lvgl/src/draw/sw/lv_draw_sw.c:607:13:rotate270_rgb565	40	static
