../App/lvgl/src/core/../misc/../font/../draw/../misc/lv_color.h:239:24:lv_color_to_int	24	static
../App/lvgl/src/core/../misc/../font/../draw/../misc/lv_color.h:251:20:lv_color_eq	24	static
../App/lvgl/src/core/../misc/../font/../draw/../misc/lv_color_op.h:49:48:lv_color_mix	32	static
../App/lvgl/src/core/../misc/../font/../draw/../stdlib/lv_string.h:65:20:lv_memzero	16	static
../App/lvgl/src/core/../misc/lv_ll.h:85:20:_lv_ll_clear	16	static
../App/lvgl/src/core/../misc/lv_anim.h:197:20:lv_anim_set_var	16	static
../App/lvgl/src/core/../misc/lv_anim.h:209:20:lv_anim_set_exec_cb	16	static
../App/lvgl/src/core/../misc/lv_anim.h:219:20:lv_anim_set_duration	16	static
../App/lvgl/src/core/../misc/lv_anim.h:237:20:lv_anim_set_delay	16	static
../App/lvgl/src/core/../misc/lv_anim.h:248:20:lv_anim_set_values	24	static
../App/lvgl/src/core/../misc/lv_anim.h:273:20:lv_anim_set_path_cb	16	static
../App/lvgl/src/core/../misc/lv_anim.h:283:20:lv_anim_set_start_cb	16	static
../App/lvgl/src/core/../misc/lv_anim.h:304:20:lv_anim_set_completed_cb	16	static
../App/lvgl/src/core/../misc/lv_anim.h:373:20:lv_anim_set_early_apply	16	static
../App/lvgl/src/core/../misc/lv_anim.h:383:20:lv_anim_set_user_data	16	static
../App/lvgl/src/core/../misc/lv_bidi.h:132:20:lv_bidi_calculate_align	24	static
../App/lvgl/src/core/../misc/lv_style.h:408:20:lv_style_is_const	16	static
../App/lvgl/src/core/../misc/lv_style.h:496:30:lv_style_get_prop_inlined	48	static
../App/lvgl/src/core/../misc/lv_style.h:536:24:_lv_style_get_prop_group	24	static
../App/lvgl/src/core/../misc/lv_style.h:602:20:lv_style_prop_has_flag	16	static
../App/lvgl/src/core/lv_obj_style.h:229:26:lv_obj_style_get_selector_state	16	static
../App/lvgl/src/core/lv_obj_style.h:234:25:lv_obj_style_get_selector_part	16	static
../App/lvgl/src/core/lv_obj_style_gen.h:21:23:lv_obj_get_style_width	24	static
../App/lvgl/src/core/lv_obj_style_gen.h:39:23:lv_obj_get_style_height	24	static
../App/lvgl/src/core/lv_obj_style_gen.h:105:23:lv_obj_get_style_transform_scale_x	24	static
../App/lvgl/src/core/lv_obj_style_gen.h:111:23:lv_obj_get_style_transform_scale_y	24	static
../App/lvgl/src/core/lv_obj_style_gen.h:117:23:lv_obj_get_style_transform_rotation	24	static
../App/lvgl/src/core/lv_obj_style_gen.h:135:23:lv_obj_get_style_transform_skew_x	24	static
../App/lvgl/src/core/lv_obj_style_gen.h:141:23:lv_obj_get_style_transform_skew_y	24	static
../App/lvgl/src/core/lv_obj_style_gen.h:561:31:lv_obj_get_style_text_align	24	static
../App/lvgl/src/core/lv_obj_style_gen.h:579:24:lv_obj_get_style_opa	24	static
../App/lvgl/src/core/lv_obj_style_gen.h:585:24:lv_obj_get_style_opa_layered	24	static
../App/lvgl/src/core/lv_obj_style_gen.h:591:45:lv_obj_get_style_color_filter_dsc	24	static
../App/lvgl/src/core/lv_obj_style_gen.h:597:24:lv_obj_get_style_color_filter_opa	24	static
../App/lvgl/src/core/lv_obj_style_gen.h:621:31:lv_obj_get_style_blend_mode	24	static
../App/lvgl/src/core/lv_obj_style_gen.h:633:29:lv_obj_get_style_base_dir	24	static
../App/lvgl/src/core/lv_obj_style_gen.h:639:38:lv_obj_get_style_bitmap_mask_src	24	static
../App/lvgl/src/core/lv_obj_style.c:81:6:_lv_obj_style_init	8	static
../App/lvgl/src/core/lv_obj_style.c:86:6:_lv_obj_style_deinit	8	static
../App/lvgl/src/core/lv_obj_style.c:95:6:lv_obj_add_style	56	static
../App/lvgl/src/core/lv_obj_style.c:154:6:lv_obj_replace_style	48	static
../App/lvgl/src/core/lv_obj_style.c:200:6:lv_obj_remove_style	56	static
../App/lvgl/src/core/lv_obj_style.c:253:6:lv_obj_remove_style_all	16	static
../App/lvgl/src/core/lv_obj_style.c:258:6:lv_obj_report_style_change	24	static
../App/lvgl/src/core/lv_obj_style.c:272:6:lv_obj_refresh_style	40	static
../App/lvgl/src/core/lv_obj_style.c:318:6:lv_obj_enable_style_refresh	16	static
../App/lvgl/src/core/lv_obj_style.c:323:18:lv_obj_get_style_prop	56	static
../App/lvgl/src/core/lv_obj_style.c:337:6:lv_obj_has_style_prop	48	static
../App/lvgl/src/core/lv_obj_style.c:350:6:lv_obj_set_local_style_prop	32	static
../App/lvgl/src/core/lv_obj_style.c:373:16:lv_obj_get_local_style_prop	32	static
../App/lvgl/src/core/lv_obj_style.c:387:6:lv_obj_remove_local_style_prop	32	static
../App/lvgl/src/core/lv_obj_style.c:412:6:_lv_obj_style_create_transition	152	static
../App/lvgl/src/core/lv_obj_style.c:466:18:_lv_obj_style_apply_color_filter	40	static
../App/lvgl/src/core/lv_obj_style.c:477:23:_lv_obj_style_state_compare	40	static
../App/lvgl/src/core/lv_obj_style.c:538:6:lv_obj_fade_in	112	static
../App/lvgl/src/core/lv_obj_style.c:551:6:lv_obj_fade_out	112	static
../App/lvgl/src/core/lv_obj_style.c:563:17:lv_obj_calculate_style_text_align	32	static
../App/lvgl/src/core/lv_obj_style.c:571:10:lv_obj_get_style_opa_recursive	24	static
../App/lvgl/src/core/lv_obj_style.c:604:6:_lv_obj_update_layer_type	24	static
../App/lvgl/src/core/lv_obj_style.c:625:21:get_local_style	48	static
../App/lvgl/src/core/lv_obj_style.c:663:26:get_trans_style	40	static
../App/lvgl/src/core/lv_obj_style.c:690:23:get_prop_core	72	static
../App/lvgl/src/core/lv_obj_style.c:749:13:report_style_change_core	24	static
../App/lvgl/src/core/lv_obj_style.c:771:13:refresh_children_style	32	static
../App/lvgl/src/core/lv_obj_style.c:794:13:trans_delete	40	static
../App/lvgl/src/core/lv_obj_style.c:828:13:trans_anim_cb	40	static
../App/lvgl/src/core/lv_obj_style.c:892:13:trans_anim_start_cb	40	static
../App/lvgl/src/core/lv_obj_style.c:914:13:trans_anim_completed_cb	48	static
../App/lvgl/src/core/lv_obj_style.c:952:24:calculate_layer_type	16	static
../App/lvgl/src/core/lv_obj_style.c:965:13:full_cache_refresh	16	static
../App/lvgl/src/core/lv_obj_style.c:1015:13:fade_anim_cb	16	static
../App/lvgl/src/core/lv_obj_style.c:1020:13:fade_in_anim_completed	16	static
../App/lvgl/src/core/lv_obj_style.c:1025:13:style_has_flag	32	static
../App/lvgl/src/core/lv_obj_style.c:1048:23:get_selector_style_prop	40	static
