../App/lvgl/src/stdlib/builtin/../../misc/lv_ll.h:85:20:_lv_ll_clear	16	static
../App/lvgl/src/stdlib/builtin/../lv_string.h:65:20:lv_memzero	16	static
../App/lvgl/src/stdlib/builtin/lv_mem_core_builtin.c:71:6:lv_mem_init	32	static
../App/lvgl/src/stdlib/builtin/lv_mem_core_builtin.c:101:6:lv_mem_deinit	8	static
../App/lvgl/src/stdlib/builtin/lv_mem_core_builtin.c:110:15:lv_mem_add_pool	40	static
../App/lvgl/src/stdlib/builtin/lv_mem_core_builtin.c:125:6:lv_mem_remove_pool	32	static
../App/lvgl/src/stdlib/builtin/lv_mem_core_builtin.c:139:8:lv_malloc_core	24	static
../App/lvgl/src/stdlib/builtin/lv_mem_core_builtin.c:157:8:lv_realloc_core	24	static
../App/lvgl/src/stdlib/builtin/lv_mem_core_builtin.c:178:6:lv_free_core	24	static
../App/lvgl/src/stdlib/builtin/lv_mem_core_builtin.c:197:6:lv_mem_monitor_core	120	static
../App/lvgl/src/stdlib/builtin/lv_mem_core_builtin.c:222:13:lv_mem_test_core	24	static
../App/lvgl/src/stdlib/builtin/lv_mem_core_builtin.c:257:13:lv_mem_walker	32	static
