../Core/Src/stm32l4xx_it.c:74:6:NMI_Handler	4	static
../Core/Src/stm32l4xx_it.c:89:6:HardFault_Handler	8	static
../Core/Src/stm32l4xx_it.c:108:6:MemManage_Handler	4	static
../Core/Src/stm32l4xx_it.c:123:6:BusFault_Handler	4	static
../Core/Src/stm32l4xx_it.c:138:6:UsageFault_Handler	4	static
../Core/Src/stm32l4xx_it.c:153:6:DebugMon_Handler	4	static
../Core/Src/stm32l4xx_it.c:173:6:EXTI1_IRQHandler	8	static
../Core/Src/stm32l4xx_it.c:187:6:DMA1_Channel5_IRQHandler	8	static
../Core/Src/stm32l4xx_it.c:201:6:EXTI9_5_IRQHandler	8	static
../Core/Src/stm32l4xx_it.c:216:6:TIM1_UP_TIM16_IRQHandler	8	static
../Core/Src/stm32l4xx_it.c:230:6:EXTI15_10_IRQHandler	8	static
../Core/Src/stm32l4xx_it.c:244:6:DMA2_Channel1_IRQHandler	8	static
../Core/Src/stm32l4xx_it.c:258:6:DMA2_Channel4_IRQHandler	8	static
../Core/Src/stm32l4xx_it.c:272:6:OTG_FS_IRQHandler	8	static
