../App/lvgl/src/widgets/tabview/../../../src/core/../misc/../font/../draw/../misc/lv_area.h:370:23:lv_pct	16	static
../App/lvgl/src/widgets/tabview/../../../src/core/lv_obj_pos.h:198:20:lv_obj_center	16	static
../App/lvgl/src/widgets/tabview/../../../src/core/lv_obj_style_gen.h:171:23:lv_obj_get_style_pad_row	24	static
../App/lvgl/src/widgets/tabview/../../../src/core/lv_obj_style_gen.h:177:23:lv_obj_get_style_pad_column	24	static
../App/lvgl/src/widgets/tabview/../../../src/core/lv_obj_style_gen.h:633:29:lv_obj_get_style_base_dir	24	static
../App/lvgl/src/widgets/tabview/lv_tabview.c:59:12:lv_tabview_create	24	static
../App/lvgl/src/widgets/tabview/lv_tabview.c:68:12:lv_tabview_add_tab	56	static
../App/lvgl/src/widgets/tabview/lv_tabview.c:97:6:lv_tabview_rename_tab	40	static
../App/lvgl/src/widgets/tabview/lv_tabview.c:107:6:lv_tabview_set_active	72	static
../App/lvgl/src/widgets/tabview/lv_tabview.c:153:6:lv_tabview_set_tab_bar_position	40	static
../App/lvgl/src/widgets/tabview/lv_tabview.c:212:6:lv_tabview_set_tab_bar_size	24	static
../App/lvgl/src/widgets/tabview/lv_tabview.c:227:10:lv_tabview_get_tab_active	24	static
../App/lvgl/src/widgets/tabview/lv_tabview.c:234:10:lv_tabview_get_tab_count	24	static
../App/lvgl/src/widgets/tabview/lv_tabview.c:241:12:lv_tabview_get_content	16	static
../App/lvgl/src/widgets/tabview/lv_tabview.c:246:12:lv_tabview_get_tab_bar	16	static
../App/lvgl/src/widgets/tabview/lv_tabview.c:255:13:lv_tabview_constructor	24	static
../App/lvgl/src/widgets/tabview/lv_tabview.c:277:13:lv_tabview_event	24	static
../App/lvgl/src/widgets/tabview/lv_tabview.c:291:13:button_clicked_event_cb	32	static
../App/lvgl/src/widgets/tabview/lv_tabview.c:300:13:cont_scroll_end_event_cb	64	static
