../App/lvgl/src/draw/../misc/lv_area.h:134:23:lv_area_get_width	16	static
../App/lvgl/src/draw/../misc/lv_area.h:144:23:lv_area_get_height	16	static
../App/lvgl/src/draw/../misc/lv_color.h:214:23:lv_color_format_get_size	16	static
../App/lvgl/src/draw/../misc/lv_color.h:429:20:lv_color_premultiply	16	static
../App/lvgl/src/draw/../misc/lv_color.h:436:20:lv_color16_premultiply	16	static
../App/lvgl/src/draw/../stdlib/lv_string.h:65:20:lv_memzero	16	static
../App/lvgl/src/draw/lv_draw_buf.c:46:6:_lv_draw_buf_init_handlers	8	static
../App/lvgl/src/draw/lv_draw_buf.c:56:26:lv_draw_buf_get_handlers	4	static
../App/lvgl/src/draw/lv_draw_buf.c:61:10:lv_draw_buf_width_to_stride	16	static
../App/lvgl/src/draw/lv_draw_buf.c:67:8:lv_draw_buf_align	16	static
../App/lvgl/src/draw/lv_draw_buf.c:73:6:lv_draw_buf_invalidate_cache	72	static
../App/lvgl/src/draw/lv_draw_buf.c:89:6:lv_draw_buf_clear	64	static
../App/lvgl/src/draw/lv_draw_buf.c:117:6:lv_draw_buf_copy	72	static
../App/lvgl/src/draw/lv_draw_buf.c:172:13:lv_draw_buf_init	48	static
../App/lvgl/src/draw/lv_draw_buf.c:203:17:lv_draw_buf_create	64	static
../App/lvgl/src/draw/lv_draw_buf.c:233:17:lv_draw_buf_dup	32	static
../App/lvgl/src/draw/lv_draw_buf.c:250:17:lv_draw_buf_reshape	32	static
../App/lvgl/src/draw/lv_draw_buf.c:274:6:lv_draw_buf_destroy	32	static
../App/lvgl/src/draw/lv_draw_buf.c:288:8:lv_draw_buf_goto_xy	48	static
../App/lvgl/src/draw/lv_draw_buf.c:304:13:lv_draw_buf_adjust_stride	88	static
../App/lvgl/src/draw/lv_draw_buf.c:363:13:lv_draw_buf_premultiply	144	static
../App/lvgl/src/draw/lv_draw_buf.c:441:6:lv_draw_buf_set_palette	48	static
../App/lvgl/src/draw/lv_draw_buf.c:459:15:buf_malloc	16	static
../App/lvgl/src/draw/lv_draw_buf.c:468:13:buf_free	16	static
../App/lvgl/src/draw/lv_draw_buf.c:473:15:buf_align	24	static
../App/lvgl/src/draw/lv_draw_buf.c:485:17:width_to_stride	24	static
../App/lvgl/src/draw/lv_draw_buf.c:493:15:draw_buf_malloc	16	static
../App/lvgl/src/draw/lv_draw_buf.c:499:13:draw_buf_free	16	static
../App/lvgl/src/draw/lv_draw_buf.c:507:17:_calculate_draw_buf_size	32	static
