../App/lvgl/src/widgets/slider/../bar/../../core/../misc/../font/../draw/../misc/lv_area.h:121:20:lv_area_copy	16	static
../App/lvgl/src/widgets/slider/../bar/../../core/lv_obj_style_gen.h:81:23:lv_obj_get_style_transform_width	24	static
../App/lvgl/src/widgets/slider/../bar/../../core/lv_obj_style_gen.h:87:23:lv_obj_get_style_transform_height	24	static
../App/lvgl/src/widgets/slider/../bar/../../core/lv_obj_style_gen.h:147:23:lv_obj_get_style_pad_top	24	static
../App/lvgl/src/widgets/slider/../bar/../../core/lv_obj_style_gen.h:153:23:lv_obj_get_style_pad_bottom	24	static
../App/lvgl/src/widgets/slider/../bar/../../core/lv_obj_style_gen.h:159:23:lv_obj_get_style_pad_left	24	static
../App/lvgl/src/widgets/slider/../bar/../../core/lv_obj_style_gen.h:165:23:lv_obj_get_style_pad_right	24	static
../App/lvgl/src/widgets/slider/../bar/../../core/lv_obj_style_gen.h:633:29:lv_obj_get_style_base_dir	24	static
../App/lvgl/src/widgets/slider/lv_slider.h:77:20:lv_slider_set_value	24	static
../App/lvgl/src/widgets/slider/lv_slider.h:88:20:lv_slider_set_left_value	24	static
../App/lvgl/src/widgets/slider/lv_slider.h:123:23:lv_slider_get_value	16	static
../App/lvgl/src/widgets/slider/lv_slider.h:133:23:lv_slider_get_left_value	16	static
../App/lvgl/src/widgets/slider/lv_slider.h:170:32:lv_slider_get_mode	24	static
../App/lvgl/src/widgets/slider/lv_slider.h:183:20:lv_slider_is_symmetrical	16	static
../App/lvgl/src/widgets/slider/lv_slider.c:66:12:lv_slider_create	24	static
../App/lvgl/src/widgets/slider/lv_slider.c:74:6:lv_slider_is_dragged	24	static
../App/lvgl/src/widgets/slider/lv_slider.c:86:13:lv_slider_constructor	24	static
../App/lvgl/src/widgets/slider/lv_slider.c:102:13:lv_slider_event	120	static
../App/lvgl/src/widgets/slider/lv_slider.c:241:13:draw_knob	280	static
../App/lvgl/src/widgets/slider/lv_slider.c:302:13:position_knob	48	static
../App/lvgl/src/widgets/slider/lv_slider.c:332:13:is_slider_horizontal	24	static
../App/lvgl/src/widgets/slider/lv_slider.c:337:13:drag_start	40	static
../App/lvgl/src/widgets/slider/lv_slider.c:401:13:update_knob_pos	96	static
