../App/lvgl/src/widgets/label/../../core/../misc/../font/../draw/../misc/lv_area.h:134:23:lv_area_get_width	16	static
../App/lvgl/src/widgets/label/../../core/../misc/../font/../draw/../misc/lv_area.h:144:23:lv_area_get_height	16	static
../App/lvgl/src/widgets/label/../../core/../misc/../font/../draw/../misc/lv_area.h:304:20:lv_point_set	24	static
../App/lvgl/src/widgets/label/../../core/../misc/../font/lv_font.h:170:23:lv_font_get_line_height	16	static
../App/lvgl/src/widgets/label/../../core/../misc/lv_anim.h:197:20:lv_anim_set_var	16	static
../App/lvgl/src/widgets/label/../../core/../misc/lv_anim.h:209:20:lv_anim_set_exec_cb	16	static
../App/lvgl/src/widgets/label/../../core/../misc/lv_anim.h:219:20:lv_anim_set_duration	16	static
../App/lvgl/src/widgets/label/../../core/../misc/lv_anim.h:248:20:lv_anim_set_values	24	static
../App/lvgl/src/widgets/label/../../core/../misc/lv_anim.h:324:20:lv_anim_set_playback_duration	16	static
../App/lvgl/src/widgets/label/../../core/../misc/lv_anim.h:342:20:lv_anim_set_playback_delay	16	static
../App/lvgl/src/widgets/label/../../core/../misc/lv_anim.h:352:20:lv_anim_set_repeat_count	16	static
../App/lvgl/src/widgets/label/../../core/../misc/lv_anim.h:362:20:lv_anim_set_repeat_delay	16	static
../App/lvgl/src/widgets/label/../../core/../misc/lv_bidi.h:132:20:lv_bidi_calculate_align	24	static
../App/lvgl/src/widgets/label/../../core/lv_obj_style_gen.h:21:23:lv_obj_get_style_width	24	static
../App/lvgl/src/widgets/label/../../core/lv_obj_style_gen.h:33:23:lv_obj_get_style_max_width	24	static
../App/lvgl/src/widgets/label/../../core/lv_obj_style_gen.h:147:23:lv_obj_get_style_pad_top	24	static
../App/lvgl/src/widgets/label/../../core/lv_obj_style_gen.h:159:23:lv_obj_get_style_pad_left	24	static
../App/lvgl/src/widgets/label/../../core/lv_obj_style_gen.h:207:26:lv_obj_get_style_bg_color	24	static
../App/lvgl/src/widgets/label/../../core/lv_obj_style_gen.h:525:26:lv_obj_get_style_text_color_filtered	32	static
../App/lvgl/src/widgets/label/../../core/lv_obj_style_gen.h:537:33:lv_obj_get_style_text_font	24	static
../App/lvgl/src/widgets/label/../../core/lv_obj_style_gen.h:543:23:lv_obj_get_style_text_letter_space	24	static
../App/lvgl/src/widgets/label/../../core/lv_obj_style_gen.h:549:23:lv_obj_get_style_text_line_space	24	static
../App/lvgl/src/widgets/label/../../core/lv_obj_style_gen.h:603:33:lv_obj_get_style_anim	24	static
../App/lvgl/src/widgets/label/../../core/lv_obj_style_gen.h:609:24:lv_obj_get_style_anim_duration	24	static
../App/lvgl/src/widgets/label/lv_label.c:81:12:lv_label_create	24	static
../App/lvgl/src/widgets/label/lv_label.c:93:6:lv_label_set_text	40	static
../App/lvgl/src/widgets/label/lv_label.c:136:6:lv_label_set_text_fmt	44	static
../App/lvgl/src/widgets/label/lv_label.c:164:6:lv_label_set_text_static	24	static
../App/lvgl/src/widgets/label/lv_label.c:182:6:lv_label_set_long_mode	24	static
../App/lvgl/src/widgets/label/lv_label.c:207:6:lv_label_set_text_selection_start	24	static
../App/lvgl/src/widgets/label/lv_label.c:221:6:lv_label_set_text_selection_end	24	static
../App/lvgl/src/widgets/label/lv_label.c:239:8:lv_label_get_text	24	static
../App/lvgl/src/widgets/label/lv_label.c:246:22:lv_label_get_long_mode	24	static
../App/lvgl/src/widgets/label/lv_label.c:253:6:lv_label_get_letter_pos	120	static
../App/lvgl/src/widgets/label/lv_label.c:356:10:lv_label_get_letter_on	168	static
../App/lvgl/src/widgets/label/lv_label.c:470:6:lv_label_is_char_under_pos	128	static
../App/lvgl/src/widgets/label/lv_label.c:540:10:lv_label_get_text_selection_start	24	static
../App/lvgl/src/widgets/label/lv_label.c:553:10:lv_label_get_text_selection_end	24	static
../App/lvgl/src/widgets/label/lv_label.c:570:6:lv_label_ins_text	56	static
../App/lvgl/src/widgets/label/lv_label.c:598:6:lv_label_cut_text	32	static
../App/lvgl/src/widgets/label/lv_label.c:620:13:lv_label_constructor	24	static
../App/lvgl/src/widgets/label/lv_label.c:653:13:lv_label_destructor	24	static
../App/lvgl/src/widgets/label/lv_label.c:663:13:lv_label_event	80	static
../App/lvgl/src/widgets/label/lv_label.c:716:13:draw_main	224	static
../App/lvgl/src/widgets/label/lv_label.c:811:13:overwrite_anim_property	24	static
../App/lvgl/src/widgets/label/lv_label.c:840:13:lv_label_refr_text	296	static
../App/lvgl/src/widgets/label/lv_label.c:1122:13:lv_label_revert_dots	40	static
../App/lvgl/src/widgets/label/lv_label.c:1153:13:lv_label_set_dot_tmp	40	static
../App/lvgl/src/widgets/label/lv_label.c:1183:15:lv_label_get_dot_tmp	24	static
../App/lvgl/src/widgets/label/lv_label.c:1199:13:lv_label_dot_tmp_free	24	static
../App/lvgl/src/widgets/label/lv_label.c:1209:13:set_ofs_x_anim	24	static
../App/lvgl/src/widgets/label/lv_label.c:1216:13:set_ofs_y_anim	24	static
../App/lvgl/src/widgets/label/lv_label.c:1223:15:get_text_length	24	static
../App/lvgl/src/widgets/label/lv_label.c:1235:13:copy_text_to_label	16	static
../App/lvgl/src/widgets/label/lv_label.c:1244:23:get_label_flags	24	static
../App/lvgl/src/widgets/label/lv_label.c:1261:13:calculate_x_coordinate	32	static
