../App/lvgl/src/libs/bin_decoder/../../draw/../misc/lv_area.h:134:23:lv_area_get_width	16	static
../App/lvgl/src/libs/bin_decoder/../../draw/lv_draw_buf.h:246:20:lv_draw_buf_from_image	16	static
../App/lvgl/src/libs/bin_decoder/lv_bin_decoder.c:89:6:lv_bin_decoder_init	32	static
../App/lvgl/src/libs/bin_decoder/lv_bin_decoder.c:107:13:lv_bin_decoder_info	56	static
../App/lvgl/src/libs/bin_decoder/lv_bin_decoder.c:174:13:lv_bin_decoder_open	80	static
../App/lvgl/src/libs/bin_decoder/lv_bin_decoder.c:351:6:lv_bin_decoder_close	24	static
../App/lvgl/src/libs/bin_decoder/lv_bin_decoder.c:370:13:lv_bin_decoder_get_area	112	static
../App/lvgl/src/libs/bin_decoder/lv_bin_decoder.c:515:25:get_decoder_data	40	static
../App/lvgl/src/libs/bin_decoder/lv_bin_decoder.c:532:13:free_decoder_data	24	static
../App/lvgl/src/libs/bin_decoder/lv_bin_decoder.c:549:20:decode_indexed	88	static
../App/lvgl/src/libs/bin_decoder/lv_bin_decoder.c:669:20:load_indexed	24	static
../App/lvgl/src/libs/bin_decoder/lv_bin_decoder.c:800:23:bit_extend	24	static
../App/lvgl/src/libs/bin_decoder/lv_bin_decoder.c:814:20:decode_alpha_only	80	static
../App/lvgl/src/libs/bin_decoder/lv_bin_decoder.c:884:20:decode_compressed	24	static
../App/lvgl/src/libs/bin_decoder/lv_bin_decoder.c:1001:20:decode_indexed_line	40	static
../App/lvgl/src/libs/bin_decoder/lv_bin_decoder.c:1049:20:fs_read_file_at	32	static
../App/lvgl/src/libs/bin_decoder/lv_bin_decoder.c:1067:20:decompress_image	56	static
