../App/lvgl/src/indev/../misc/lv_timer.h:257:20:lv_timer_get_paused	16	static
../App/lvgl/src/indev/../misc/lv_anim.h:197:20:lv_anim_set_var	16	static
../App/lvgl/src/indev/../misc/lv_anim.h:209:20:lv_anim_set_exec_cb	16	static
../App/lvgl/src/indev/../misc/lv_anim.h:219:20:lv_anim_set_duration	16	static
../App/lvgl/src/indev/../misc/lv_anim.h:248:20:lv_anim_set_values	24	static
../App/lvgl/src/indev/../misc/lv_anim.h:304:20:lv_anim_set_completed_cb	16	static
../App/lvgl/src/indev/../misc/lv_anim.h:314:20:lv_anim_set_deleted_cb	16	static
../App/lvgl/src/indev/../misc/lv_anim.h:352:20:lv_anim_set_repeat_count	16	static
../App/lvgl/src/indev/../core/../misc/../font/../draw/../stdlib/lv_string.h:65:20:lv_memzero	16	static
../App/lvgl/src/indev/../core/lv_obj_style_gen.h:105:23:lv_obj_get_style_transform_scale_x	24	static
../App/lvgl/src/indev/../core/lv_obj_style_gen.h:111:23:lv_obj_get_style_transform_scale_y	24	static
../App/lvgl/src/indev/../core/lv_obj_style_gen.h:117:23:lv_obj_get_style_transform_rotation	24	static
../App/lvgl/src/indev/../core/lv_obj_style_gen.h:645:24:lv_obj_get_style_rotary_sensitivity	24	static
../App/lvgl/src/indev/../core/lv_obj_style.h:335:23:lv_obj_get_style_transform_scale_x_safe	24	static
../App/lvgl/src/indev/../core/lv_obj_style.h:341:23:lv_obj_get_style_transform_scale_y_safe	24	static
../App/lvgl/src/indev/lv_indev.c:83:20:indev_scroll_throw_anim_reset	16	static
../App/lvgl/src/indev/lv_indev.c:109:14:lv_indev_create	32	static
../App/lvgl/src/indev/lv_indev.c:141:6:lv_indev_delete	32	static
../App/lvgl/src/indev/lv_indev.c:157:14:lv_indev_get_next	16	static
../App/lvgl/src/indev/lv_indev.c:165:6:indev_read_core	24	static
../App/lvgl/src/indev/lv_indev.c:195:6:lv_indev_read_timer_cb	16	static
../App/lvgl/src/indev/lv_indev.c:200:6:lv_indev_read	48	static
../App/lvgl/src/indev/lv_indev.c:265:6:lv_indev_enable	24	static
../App/lvgl/src/indev/lv_indev.c:279:14:lv_indev_active	4	static
../App/lvgl/src/indev/lv_indev.c:284:6:lv_indev_set_type	16	static
../App/lvgl/src/indev/lv_indev.c:292:6:lv_indev_set_read_cb	16	static
../App/lvgl/src/indev/lv_indev.c:299:6:lv_indev_set_user_data	16	static
../App/lvgl/src/indev/lv_indev.c:305:6:lv_indev_set_driver_data	16	static
../App/lvgl/src/indev/lv_indev.c:311:20:lv_indev_get_read_cb	24	static
../App/lvgl/src/indev/lv_indev.c:321:17:lv_indev_get_type	16	static
../App/lvgl/src/indev/lv_indev.c:328:18:lv_indev_get_state	16	static
../App/lvgl/src/indev/lv_indev.c:335:14:lv_indev_get_group	16	static
../App/lvgl/src/indev/lv_indev.c:342:16:lv_indev_get_display	16	static
../App/lvgl/src/indev/lv_indev.c:349:6:lv_indev_set_display	16	static
../App/lvgl/src/indev/lv_indev.c:356:8:lv_indev_get_user_data	16	static
../App/lvgl/src/indev/lv_indev.c:362:8:lv_indev_get_driver_data	16	static
../App/lvgl/src/indev/lv_indev.c:369:6:lv_indev_reset	24	static
../App/lvgl/src/indev/lv_indev.c:384:6:lv_indev_reset_long_press	16	static
../App/lvgl/src/indev/lv_indev.c:391:6:lv_indev_set_cursor	24	static
../App/lvgl/src/indev/lv_indev.c:402:6:lv_indev_set_group	16	static
../App/lvgl/src/indev/lv_indev.c:409:6:lv_indev_set_button_points	16	static
../App/lvgl/src/indev/lv_indev.c:416:6:lv_indev_get_point	16	static
../App/lvgl/src/indev/lv_indev.c:432:10:lv_indev_get_gesture_dir	16	static
../App/lvgl/src/indev/lv_indev.c:437:10:lv_indev_get_key	24	static
../App/lvgl/src/indev/lv_indev.c:447:10:lv_indev_get_scroll_dir	16	static
../App/lvgl/src/indev/lv_indev.c:454:12:lv_indev_get_scroll_obj	16	static
../App/lvgl/src/indev/lv_indev.c:461:6:lv_indev_get_vect	16	static
../App/lvgl/src/indev/lv_indev.c:474:6:lv_indev_wait_release	16	static
../App/lvgl/src/indev/lv_indev.c:480:12:lv_indev_get_active_obj	4	static
../App/lvgl/src/indev/lv_indev.c:485:14:lv_indev_get_read_timer	24	static
../App/lvgl/src/indev/lv_indev.c:495:17:lv_indev_get_mode	16	static
../App/lvgl/src/indev/lv_indev.c:501:6:lv_indev_set_mode	16	static
../App/lvgl/src/indev/lv_indev.c:519:12:lv_indev_search_obj	72	static
../App/lvgl/src/indev/lv_indev.c:555:6:lv_indev_add_event_cb	40	static
../App/lvgl/src/indev/lv_indev.c:562:10:lv_indev_get_event_count	32	static
../App/lvgl/src/indev/lv_indev.c:568:18:lv_indev_get_event_dsc	32	static
../App/lvgl/src/indev/lv_indev.c:575:6:lv_indev_remove_event	32	static
../App/lvgl/src/indev/lv_indev.c:582:10:lv_indev_remove_event_cb_with_user_data	56	static
../App/lvgl/src/indev/lv_indev.c:601:13:lv_indev_send_event	56	static
../App/lvgl/src/indev/lv_indev.c:629:13:indev_pointer_proc	40	static
../App/lvgl/src/indev/lv_indev.c:690:13:indev_keypad_proc	32	static
../App/lvgl/src/indev/lv_indev.c:832:13:indev_encoder_proc	40	static
../App/lvgl/src/indev/lv_indev.c:1056:13:indev_button_proc	32	static
../App/lvgl/src/indev/lv_indev.c:1103:13:indev_proc_press	40	static
../App/lvgl/src/indev/lv_indev.c:1248:13:indev_proc_release	72	static
../App/lvgl/src/indev/lv_indev.c:1326:13:indev_proc_pointer_diff	56	static
../App/lvgl/src/indev/lv_indev.c:1360:19:pointer_search_obj	16	static
../App/lvgl/src/indev/lv_indev.c:1383:13:indev_proc_reset_query_handler	16	static
../App/lvgl/src/indev/lv_indev.c:1409:13:indev_click_focus	24	static
../App/lvgl/src/indev/lv_indev.c:1477:6:indev_gesture	24	static
../App/lvgl/src/indev/lv_indev.c:1532:13:indev_reset_check	16	static
../App/lvgl/src/indev/lv_indev.c:1546:13:indev_reset_core	24	static
../App/lvgl/src/indev/lv_indev.c:1583:20:send_event	16	static
../App/lvgl/src/indev/lv_indev.c:1601:13:indev_scroll_throw_anim_cb	40	static
../App/lvgl/src/indev/lv_indev.c:1617:13:indev_scroll_throw_anim_completed_cb	16	static
../App/lvgl/src/indev/lv_indev.c:1624:13:indev_scroll_throw_anim_start	120	static
